# _int0 00000000
# _int1 00000005
# _int2 0000000a
# _int3 0000000f
@ 0000
70
14
00
00
00
70
1b
00
00
00
70
1c
00
00
00
70
1d
00
00
00
30
84
ff
ff
0f
00
10
90
10
10
@ 001e