@ 0000    #This file does nothing but
00
00
00
00
00
00
00
00
00
00
10