@ 0000
30
80
0c
00
00
00
30
82
06
00
00
00
62
02
10
@ 000f
