@ 0000
30
84
00
01
00
00
30
80
05
00
00
00
30
83
10
00
00
00
80
23
00
00
00
30
83
03
00
00
00
80
23
00
00
00
10
60
30
90
@ 0026
