@ 0000
30
82
03
00
00
00
65
82
65
82
65
82
65
82
65
82
10
@ 0011
