@ 0000
30
82
ff
ff
ff
7f
64
82
64
82
64
82
10
@ 000d
