@ 0000
30
81
00
00
00
00
70
11
00
00
00
30
81
01
00
00
00
30
80
01
00
00
00
30
83
02
00
00
00
61
30
71
2a
00
00
00
30
81
02
00
00
00
30
80
01
00
00
00
30
83
02
00
00
00
61
30
72
43
00
00
00
30
81
03
00
00
00
61
33
73
50
00
00
00
30
81
04
00
00
00
30
80
01
00
00
00
30
83
02
00
00
00
61
30
74
69
00
00
00
30
81
05
00
00
00
30
80
01
00
00
00
30
83
02
00
00
00
61
03
75
82
00
00
00
30
81
06
00
00
00
30
80
01
00
00
00
30
83
02
00
00
00
61
03
76
9b
00
00
00
30
81
07
00
00
00
10
@ 009c
