@ 0000
30
80
00
30
00
00
61
00
74
18
00
00
00
30
81
01
00
00
00
70
1e
00
00
00
30
81
00
00
00
00
10
@ 001f
