@ 0000
30
80
33
00
00
00
30
83
00
30
00
00
20
01
40
03
03
00
00
00
50
23
03
00
00
00
10
@ 001b
