@ 0000
30
80
35
12
01
00
30
82
00
00
00
00
67
02
10
@ 000f
