@ 0000
30
84
00
01
00
00
a0
00
61
00
b0
00
73
1c
00
00
00
30
81
01
00
00
00
70
22
00
00
00
30
81
00
00
00
00
10
@ 0023
