@ 0000
30
84
00
01
00
00
61
00
b0
00
a0
00
10
@ 000d
