@ 0000
30
84
00
01
00
00
30
80
03
00
00
00
a0
00
a0
08
30
80
00
00
00
80
30
83
ff
ff
ff
ff
60
03
b0
08
b0
00
10
@ 0023
