@ 0000
30
84
00
01
00
00
30
80
cd
ab
00
00
a0
08
b0
48
10
@ 0011
