@ 0000
30
83
aa
39
28
3f
A0
38
62
16
40
13
9d
46
79
1a
80
0a
00
00
00
10
10
10
10
A0
78
@ 0016