@ 0000
30
84
00
01
00
00
80
12
00
00
00
30
82
10
00
00
00
10
90
20
23
@ 0015
