@ 0000
30
82
33
00
00
00
30
81
02
00
00
00
68
12
69
12
68
12
10
@ 0013
