@ 0000
30
80
03
00
00
00
30
83
04
00
00
00
61
03
10
@ 000f
