@ 0000
30
82
03
00
00
00
30
83
0c
00
00
00
63
23
10
@ 000f
